log_id:111, uid:222
log_id:112, uid:223
log_id:114, uid:226
log_id:115, uid:227